



WidgetCo, Ltd.
463 Shoe Factory Rd.
Hamford, VT 20202

Dear Sam,

Thank you for your order! Your order number is 123456 and it
has been shipped on Wednesday, January 06, 2021.


2021-09-25

Thank you for your business,
WidgetCo Order Fulfillment Department
Ph: 818-555-0123 Email: orders@widgetco.com

